2020-01-21 09:14:03,665:INFO:Starting pubmed queries...
2020-01-21 09:14:04,957:INFO:Entrez ESearch returns 23 Ids for 1RR025011
2020-01-21 09:14:04,958:DEBUG:Grant 1RR025011 queried.
2020-01-21 09:14:05,111:INFO:Entrez ESearch returns 78 Ids for UL1RR025011
2020-01-21 09:14:05,111:DEBUG:Grant UL1RR025011 queried.
2020-01-21 09:14:05,312:INFO:Entrez ESearch returns 1116 Ids for UL1 RR025011
2020-01-21 09:14:05,313:DEBUG:Grant UL1 RR025011 queried.
2020-01-21 09:14:05,479:DEBUG:Grant UL11RR025011 queried.
2020-01-21 09:14:05,632:DEBUG:Grant UL1 RR 025011 queried.
2020-01-21 09:14:05,812:INFO:Entrez ESearch returns 521 Ids for 1UL1RR025011
2020-01-21 09:14:05,812:DEBUG:Grant 1UL1RR025011 queried.
2020-01-21 09:14:05,972:INFO:Entrez ESearch returns 5 Ids for 1UL1 RR025011
2020-01-21 09:14:05,972:DEBUG:Grant 1UL1 RR025011 queried.
2020-01-21 09:14:06,125:DEBUG:Grant 1UL11RR025011 queried.
2020-01-21 09:14:06,272:INFO:Entrez ESearch returns 3 Ids for 1UL1 RR 025011
2020-01-21 09:14:06,272:DEBUG:Grant 1UL1 RR 025011 queried.
2020-01-21 09:14:06,431:INFO:Entrez ESearch returns 4 Ids for 5UL1RR025011
2020-01-21 09:14:06,431:DEBUG:Grant 5UL1RR025011 queried.
2020-01-21 09:14:06,581:DEBUG:Grant 5UL1 RR025011 queried.
2020-01-21 09:14:06,743:DEBUG:Grant 5UL11RR025011 queried.
2020-01-21 09:14:06,891:DEBUG:Grant 5UL1 RR 025011 queried.
2020-01-21 09:14:07,046:DEBUG:Grant 9UL1RR025011 queried.
2020-01-21 09:14:07,197:DEBUG:Grant 9UL1 RR025011 queried.
2020-01-21 09:14:07,344:DEBUG:Grant 9UL11RR025011 queried.
2020-01-21 09:14:07,492:DEBUG:Grant 9UL1 RR 025011 queried.
2020-01-21 09:14:07,655:DEBUG:Grant 1RR025011-01 queried.
2020-01-21 09:14:07,805:DEBUG:Grant UL1RR025011-01 queried.
2020-01-21 09:14:07,962:INFO:Entrez ESearch returns 163 Ids for UL1 RR025011-01
2020-01-21 09:14:07,972:DEBUG:Grant UL1 RR025011-01 queried.
2020-01-21 09:14:08,118:DEBUG:Grant UL11RR025011-01 queried.
2020-01-21 09:14:08,263:DEBUG:Grant UL1 RR 025011-01 queried.
2020-01-21 09:14:08,422:DEBUG:Grant 1UL1RR025011-01 queried.
2020-01-21 09:14:08,575:DEBUG:Grant 1UL1 RR025011-01 queried.
2020-01-21 09:14:08,725:DEBUG:Grant 1UL11RR025011-01 queried.
2020-01-21 09:14:08,872:DEBUG:Grant 1UL1 RR 025011-01 queried.
2020-01-21 09:14:09,025:DEBUG:Grant 5UL1RR025011-01 queried.
2020-01-21 09:14:09,179:DEBUG:Grant 5UL1 RR025011-01 queried.
2020-01-21 09:14:09,335:DEBUG:Grant 5UL11RR025011-01 queried.
2020-01-21 09:14:09,496:DEBUG:Grant 5UL1 RR 025011-01 queried.
2020-01-21 09:14:09,645:DEBUG:Grant 9UL1RR025011-01 queried.
2020-01-21 09:14:09,805:DEBUG:Grant 9UL1 RR025011-01 queried.
2020-01-21 09:14:10,060:DEBUG:Grant 9UL11RR025011-01 queried.
2020-01-21 09:14:10,225:DEBUG:Grant 9UL1 RR 025011-01 queried.
2020-01-21 09:14:10,374:DEBUG:Grant 1RR025012 queried.
2020-01-21 09:14:10,535:INFO:Entrez ESearch returns 2 Ids for KL2RR025012
2020-01-21 09:14:10,535:DEBUG:Grant KL2RR025012 queried.
2020-01-21 09:14:10,706:INFO:Entrez ESearch returns 156 Ids for KL2 RR025012
2020-01-21 09:14:10,712:DEBUG:Grant KL2 RR025012 queried.
2020-01-21 09:14:10,860:DEBUG:Grant KL21RR025012 queried.
2020-01-21 09:14:11,014:DEBUG:Grant KL2 RR 025012 queried.
2020-01-21 09:14:11,172:INFO:Entrez ESearch returns 47 Ids for 1KL2RR025012
2020-01-21 09:14:11,172:DEBUG:Grant 1KL2RR025012 queried.
2020-01-21 09:14:11,345:INFO:Entrez ESearch returns 1 Ids for 1KL2 RR025012
2020-01-21 09:14:11,346:DEBUG:Grant 1KL2 RR025012 queried.
2020-01-21 09:14:11,492:DEBUG:Grant 1KL21RR025012 queried.
2020-01-21 09:14:11,645:DEBUG:Grant 1KL2 RR 025012 queried.
2020-01-21 09:14:11,802:DEBUG:Grant 5KL2RR025012 queried.
2020-01-21 09:14:11,965:DEBUG:Grant 5KL2 RR025012 queried.
2020-01-21 09:14:12,112:DEBUG:Grant 5KL21RR025012 queried.
2020-01-21 09:14:12,255:DEBUG:Grant 5KL2 RR 025012 queried.
2020-01-21 09:14:12,432:DEBUG:Grant 9KL2RR025012 queried.
2020-01-21 09:14:12,584:DEBUG:Grant 9KL2 RR025012 queried.
2020-01-21 09:14:12,742:DEBUG:Grant 9KL21RR025012 queried.
2020-01-21 09:14:12,894:DEBUG:Grant 9KL2 RR 025012 queried.
2020-01-21 09:14:13,042:DEBUG:Grant 1RR025012-01 queried.
2020-01-21 09:14:13,192:INFO:Entrez ESearch returns 1 Ids for KL2RR025012-01
2020-01-21 09:14:13,201:DEBUG:Grant KL2RR025012-01 queried.
2020-01-21 09:14:13,382:INFO:Entrez ESearch returns 46 Ids for KL2 RR025012-01
2020-01-21 09:14:13,382:DEBUG:Grant KL2 RR025012-01 queried.
2020-01-21 09:14:13,542:DEBUG:Grant KL21RR025012-01 queried.
2020-01-21 09:14:13,682:DEBUG:Grant KL2 RR 025012-01 queried.
2020-01-21 09:14:13,836:INFO:Entrez ESearch returns 43 Ids for 1KL2RR025012-01
2020-01-21 09:14:13,862:DEBUG:Grant 1KL2RR025012-01 queried.
2020-01-21 09:14:14,015:INFO:Entrez ESearch returns 1 Ids for 1KL2 RR025012-01
2020-01-21 09:14:14,015:DEBUG:Grant 1KL2 RR025012-01 queried.
2020-01-21 09:14:14,162:DEBUG:Grant 1KL21RR025012-01 queried.
2020-01-21 09:14:14,325:INFO:Entrez ESearch returns 1 Ids for 1KL2 RR 025012-01
2020-01-21 09:14:14,332:DEBUG:Grant 1KL2 RR 025012-01 queried.
2020-01-21 09:14:14,482:DEBUG:Grant 5KL2RR025012-01 queried.
2020-01-21 09:14:14,632:DEBUG:Grant 5KL2 RR025012-01 queried.
2020-01-21 09:14:14,782:DEBUG:Grant 5KL21RR025012-01 queried.
2020-01-21 09:14:14,942:DEBUG:Grant 5KL2 RR 025012-01 queried.
2020-01-21 09:14:15,092:DEBUG:Grant 9KL2RR025012-01 queried.
2020-01-21 09:14:15,242:DEBUG:Grant 9KL2 RR025012-01 queried.
2020-01-21 09:14:15,394:DEBUG:Grant 9KL21RR025012-01 queried.
2020-01-21 09:14:15,546:DEBUG:Grant 9KL2 RR 025012-01 queried.
2020-01-21 09:14:15,694:DEBUG:Grant 1RR025013 queried.
2020-01-21 09:14:15,851:DEBUG:Grant TL1RR025013 queried.
2020-01-21 09:14:16,015:INFO:Entrez ESearch returns 30 Ids for TL1 RR025013
2020-01-21 09:14:16,015:DEBUG:Grant TL1 RR025013 queried.
2020-01-21 09:14:16,175:DEBUG:Grant TL11RR025013 queried.
2020-01-21 09:14:16,336:DEBUG:Grant TL1 RR 025013 queried.
2020-01-21 09:14:16,496:INFO:Entrez ESearch returns 2 Ids for 1TL1RR025013
2020-01-21 09:14:16,502:DEBUG:Grant 1TL1RR025013 queried.
2020-01-21 09:14:16,645:DEBUG:Grant 1TL1 RR025013 queried.
2020-01-21 09:14:16,792:DEBUG:Grant 1TL11RR025013 queried.
2020-01-21 09:14:16,941:DEBUG:Grant 1TL1 RR 025013 queried.
2020-01-21 09:14:17,104:DEBUG:Grant 5TL1RR025013 queried.
2020-01-21 09:14:17,252:DEBUG:Grant 5TL1 RR025013 queried.
2020-01-21 09:14:17,402:DEBUG:Grant 5TL11RR025013 queried.
2020-01-21 09:14:17,562:DEBUG:Grant 5TL1 RR 025013 queried.
2020-01-21 09:14:17,722:DEBUG:Grant 9TL1RR025013 queried.
2020-01-21 09:14:17,902:DEBUG:Grant 9TL1 RR025013 queried.
2020-01-21 09:14:18,052:DEBUG:Grant 9TL11RR025013 queried.
2020-01-21 09:14:18,425:DEBUG:Grant 9TL1 RR 025013 queried.
2020-01-21 09:14:18,582:DEBUG:Grant 1RR025013-01 queried.
2020-01-21 09:14:18,742:DEBUG:Grant TL1RR025013-01 queried.
2020-01-21 09:14:18,902:INFO:Entrez ESearch returns 9 Ids for TL1 RR025013-01
2020-01-21 09:14:18,902:DEBUG:Grant TL1 RR025013-01 queried.
2020-01-21 09:14:19,072:DEBUG:Grant TL11RR025013-01 queried.
2020-01-21 09:14:19,250:DEBUG:Grant TL1 RR 025013-01 queried.
2020-01-21 09:14:19,415:INFO:Entrez ESearch returns 2 Ids for 1TL1RR025013-01
2020-01-21 09:14:19,415:DEBUG:Grant 1TL1RR025013-01 queried.
2020-01-21 09:14:19,575:DEBUG:Grant 1TL1 RR025013-01 queried.
2020-01-21 09:14:19,725:DEBUG:Grant 1TL11RR025013-01 queried.
2020-01-21 09:14:19,882:DEBUG:Grant 1TL1 RR 025013-01 queried.
2020-01-21 09:14:20,068:DEBUG:Grant 5TL1RR025013-01 queried.
2020-01-21 09:14:20,222:DEBUG:Grant 5TL1 RR025013-01 queried.
2020-01-21 09:14:20,372:DEBUG:Grant 5TL11RR025013-01 queried.
2020-01-21 09:14:20,535:DEBUG:Grant 5TL1 RR 025013-01 queried.
2020-01-21 09:14:20,695:DEBUG:Grant 9TL1RR025013-01 queried.
2020-01-21 09:14:20,852:DEBUG:Grant 9TL1 RR025013-01 queried.
2020-01-21 09:14:21,004:DEBUG:Grant 9TL11RR025013-01 queried.
2020-01-21 09:14:21,157:DEBUG:Grant 9TL1 RR 025013-01 queried.
2020-01-21 09:14:21,321:DEBUG:Grant 1TR000427 queried.
2020-01-21 09:14:21,482:INFO:Entrez ESearch returns 313 Ids for UL1TR000427
2020-01-21 09:14:21,482:DEBUG:Grant UL1TR000427 queried.
2020-01-21 09:14:21,692:INFO:Entrez ESearch returns 1846 Ids for UL1 TR000427
2020-01-21 09:14:21,692:DEBUG:Grant UL1 TR000427 queried.
2020-01-21 09:14:21,849:DEBUG:Grant UL11TR000427 queried.
2020-01-21 09:14:22,002:DEBUG:Grant UL1 TR 000427 queried.
2020-01-21 09:14:22,142:DEBUG:Grant 1UL1TR000427 queried.
2020-01-21 09:14:22,292:DEBUG:Grant 1UL1 TR000427 queried.
2020-01-21 09:14:22,452:DEBUG:Grant 1UL11TR000427 queried.
2020-01-21 09:14:22,604:DEBUG:Grant 1UL1 TR 000427 queried.
2020-01-21 09:14:22,762:DEBUG:Grant 5UL1TR000427 queried.
2020-01-21 09:14:22,911:DEBUG:Grant 5UL1 TR000427 queried.
2020-01-21 09:14:23,052:DEBUG:Grant 5UL11TR000427 queried.
2020-01-21 09:14:23,222:DEBUG:Grant 5UL1 TR 000427 queried.
2020-01-21 09:14:23,362:DEBUG:Grant 9UL1TR000427 queried.
2020-01-21 09:14:23,529:DEBUG:Grant 9UL1 TR000427 queried.
2020-01-21 09:14:23,682:DEBUG:Grant 9UL11TR000427 queried.
2020-01-21 09:14:23,846:DEBUG:Grant 9UL1 TR 000427 queried.
2020-01-21 09:14:23,999:DEBUG:Grant 1TR000427-01 queried.
2020-01-21 09:14:24,172:DEBUG:Grant UL1TR000427-01 queried.
2020-01-21 09:14:24,324:DEBUG:Grant UL1 TR000427-01 queried.
2020-01-21 09:14:24,472:DEBUG:Grant UL11TR000427-01 queried.
2020-01-21 09:14:24,632:DEBUG:Grant UL1 TR 000427-01 queried.
2020-01-21 09:14:24,785:DEBUG:Grant 1UL1TR000427-01 queried.
2020-01-21 09:14:24,932:DEBUG:Grant 1UL1 TR000427-01 queried.
2020-01-21 09:14:25,082:DEBUG:Grant 1UL11TR000427-01 queried.
2020-01-21 09:14:25,234:DEBUG:Grant 1UL1 TR 000427-01 queried.
2020-01-21 09:14:25,382:DEBUG:Grant 5UL1TR000427-01 queried.
2020-01-21 09:14:25,534:DEBUG:Grant 5UL1 TR000427-01 queried.
2020-01-21 09:14:25,692:DEBUG:Grant 5UL11TR000427-01 queried.
2020-01-21 09:14:25,834:DEBUG:Grant 5UL1 TR 000427-01 queried.
2020-01-21 09:14:25,992:DEBUG:Grant 9UL1TR000427-01 queried.
2020-01-21 09:14:26,148:DEBUG:Grant 9UL1 TR000427-01 queried.
2020-01-21 09:14:26,292:DEBUG:Grant 9UL11TR000427-01 queried.
2020-01-21 09:14:26,452:DEBUG:Grant 9UL1 TR 000427-01 queried.
2020-01-21 09:14:26,592:DEBUG:Grant 1TR000429 queried.
2020-01-21 09:14:26,745:INFO:Entrez ESearch returns 8 Ids for TL1TR000429
2020-01-21 09:14:26,752:DEBUG:Grant TL1TR000429 queried.
2020-01-21 09:14:26,902:INFO:Entrez ESearch returns 83 Ids for TL1 TR000429
2020-01-21 09:14:26,902:DEBUG:Grant TL1 TR000429 queried.
2020-01-21 09:14:27,052:DEBUG:Grant TL11TR000429 queried.
2020-01-21 09:14:27,202:DEBUG:Grant TL1 TR 000429 queried.
2020-01-21 09:14:27,362:DEBUG:Grant 1TL1TR000429 queried.
2020-01-21 09:14:27,512:DEBUG:Grant 1TL1 TR000429 queried.
2020-01-21 09:14:27,666:DEBUG:Grant 1TL11TR000429 queried.
2020-01-21 09:14:27,824:DEBUG:Grant 1TL1 TR 000429 queried.
2020-01-21 09:14:27,972:DEBUG:Grant 5TL1TR000429 queried.
2020-01-21 09:14:28,136:DEBUG:Grant 5TL1 TR000429 queried.
2020-01-21 09:14:28,282:DEBUG:Grant 5TL11TR000429 queried.
2020-01-21 09:14:28,430:DEBUG:Grant 5TL1 TR 000429 queried.
2020-01-21 09:14:28,592:DEBUG:Grant 9TL1TR000429 queried.
2020-01-21 09:14:28,752:DEBUG:Grant 9TL1 TR000429 queried.
2020-01-21 09:14:28,902:DEBUG:Grant 9TL11TR000429 queried.
2020-01-21 09:14:29,042:DEBUG:Grant 9TL1 TR 000429 queried.
2020-01-21 09:14:29,192:DEBUG:Grant 1TR000429-01 queried.
2020-01-21 09:14:29,342:DEBUG:Grant TL1TR000429-01 queried.
2020-01-21 09:14:29,492:DEBUG:Grant TL1 TR000429-01 queried.
2020-01-21 09:14:29,642:DEBUG:Grant TL11TR000429-01 queried.
2020-01-21 09:14:29,792:DEBUG:Grant TL1 TR 000429-01 queried.
2020-01-21 09:14:29,942:DEBUG:Grant 1TL1TR000429-01 queried.
2020-01-21 09:14:30,104:DEBUG:Grant 1TL1 TR000429-01 queried.
2020-01-21 09:14:30,262:DEBUG:Grant 1TL11TR000429-01 queried.
2020-01-21 09:14:30,412:DEBUG:Grant 1TL1 TR 000429-01 queried.
2020-01-21 09:14:30,562:DEBUG:Grant 5TL1TR000429-01 queried.
2020-01-21 09:14:30,722:DEBUG:Grant 5TL1 TR000429-01 queried.
2020-01-21 09:14:30,882:DEBUG:Grant 5TL11TR000429-01 queried.
2020-01-21 09:14:31,032:DEBUG:Grant 5TL1 TR 000429-01 queried.
2020-01-21 09:14:31,182:DEBUG:Grant 9TL1TR000429-01 queried.
2020-01-21 09:14:31,341:DEBUG:Grant 9TL1 TR000429-01 queried.
2020-01-21 09:14:31,482:DEBUG:Grant 9TL11TR000429-01 queried.
2020-01-21 09:14:31,642:DEBUG:Grant 9TL1 TR 000429-01 queried.
2020-01-21 09:14:31,795:DEBUG:Grant 1TR000428 queried.
2020-01-21 09:14:31,951:INFO:Entrez ESearch returns 30 Ids for KL2TR000428
2020-01-21 09:14:31,952:DEBUG:Grant KL2TR000428 queried.
2020-01-21 09:14:32,112:INFO:Entrez ESearch returns 255 Ids for KL2 TR000428
2020-01-21 09:14:32,112:DEBUG:Grant KL2 TR000428 queried.
2020-01-21 09:14:32,268:DEBUG:Grant KL21TR000428 queried.
2020-01-21 09:14:32,422:DEBUG:Grant KL2 TR 000428 queried.
2020-01-21 09:14:32,572:DEBUG:Grant 1KL2TR000428 queried.
2020-01-21 09:14:32,722:DEBUG:Grant 1KL2 TR000428 queried.
2020-01-21 09:14:32,872:DEBUG:Grant 1KL21TR000428 queried.
2020-01-21 09:14:33,033:DEBUG:Grant 1KL2 TR 000428 queried.
2020-01-21 09:14:33,182:INFO:Entrez ESearch returns 1 Ids for 5KL2TR000428
2020-01-21 09:14:33,182:DEBUG:Grant 5KL2TR000428 queried.
2020-01-21 09:14:33,332:DEBUG:Grant 5KL2 TR000428 queried.
2020-01-21 09:14:33,482:DEBUG:Grant 5KL21TR000428 queried.
2020-01-21 09:14:33,662:DEBUG:Grant 5KL2 TR 000428 queried.
2020-01-21 09:14:33,814:DEBUG:Grant 9KL2TR000428 queried.
2020-01-21 09:14:33,966:DEBUG:Grant 9KL2 TR000428 queried.
2020-01-21 09:14:34,125:DEBUG:Grant 9KL21TR000428 queried.
2020-01-21 09:14:34,282:DEBUG:Grant 9KL2 TR 000428 queried.
2020-01-21 09:14:34,422:DEBUG:Grant 1TR000428-01 queried.
2020-01-21 09:14:34,582:DEBUG:Grant KL2TR000428-01 queried.
2020-01-21 09:14:34,736:DEBUG:Grant KL2 TR000428-01 queried.
2020-01-21 09:14:34,882:DEBUG:Grant KL21TR000428-01 queried.
2020-01-21 09:14:35,042:DEBUG:Grant KL2 TR 000428-01 queried.
2020-01-21 09:14:35,222:DEBUG:Grant 1KL2TR000428-01 queried.
2020-01-21 09:14:35,372:DEBUG:Grant 1KL2 TR000428-01 queried.
2020-01-21 09:14:35,532:DEBUG:Grant 1KL21TR000428-01 queried.
2020-01-21 09:14:35,684:DEBUG:Grant 1KL2 TR 000428-01 queried.
2020-01-21 09:14:35,832:DEBUG:Grant 5KL2TR000428-01 queried.
2020-01-21 09:14:35,982:DEBUG:Grant 5KL2 TR000428-01 queried.
2020-01-21 09:14:36,133:DEBUG:Grant 5KL21TR000428-01 queried.
2020-01-21 09:14:36,286:DEBUG:Grant 5KL2 TR 000428-01 queried.
2020-01-21 09:14:36,432:DEBUG:Grant 9KL2TR000428-01 queried.
2020-01-21 09:14:36,583:DEBUG:Grant 9KL2 TR000428-01 queried.
2020-01-21 09:14:36,740:DEBUG:Grant 9KL21TR000428-01 queried.
2020-01-21 09:14:36,892:DEBUG:Grant 9KL2 TR 000428-01 queried.
2020-01-21 09:14:37,033:DEBUG:Grant 1TR000021 queried.
2020-01-21 09:14:37,212:INFO:Entrez ESearch returns 5 Ids for U54TR000021
2020-01-21 09:14:37,212:DEBUG:Grant U54TR000021 queried.
2020-01-21 09:14:37,372:INFO:Entrez ESearch returns 1 Ids for U54 TR000021
2020-01-21 09:14:37,372:DEBUG:Grant U54 TR000021 queried.
2020-01-21 09:14:37,523:DEBUG:Grant U541TR000021 queried.
2020-01-21 09:14:37,683:DEBUG:Grant U54 TR 000021 queried.
2020-01-21 09:14:37,832:DEBUG:Grant 1U54TR000021 queried.
2020-01-21 09:14:37,982:DEBUG:Grant 1U54 TR000021 queried.
2020-01-21 09:14:38,142:DEBUG:Grant 1U541TR000021 queried.
2020-01-21 09:14:38,292:DEBUG:Grant 1U54 TR 000021 queried.
2020-01-21 09:14:38,456:DEBUG:Grant 5U54TR000021 queried.
2020-01-21 09:14:38,616:DEBUG:Grant 5U54 TR000021 queried.
2020-01-21 09:14:38,774:DEBUG:Grant 5U541TR000021 queried.
2020-01-21 09:14:38,936:DEBUG:Grant 5U54 TR 000021 queried.
2020-01-21 09:14:39,095:INFO:Entrez ESearch returns 147 Ids for 9U54TR000021
2020-01-21 09:14:39,095:DEBUG:Grant 9U54TR000021 queried.
2020-01-21 09:14:39,255:INFO:Entrez ESearch returns 1 Ids for 9U54 TR000021
2020-01-21 09:14:39,255:DEBUG:Grant 9U54 TR000021 queried.
2020-01-21 09:14:39,423:DEBUG:Grant 9U541TR000021 queried.
2020-01-21 09:14:39,572:DEBUG:Grant 9U54 TR 000021 queried.
2020-01-21 09:14:39,722:DEBUG:Grant 1TR000021-01 queried.
2020-01-21 09:14:39,872:DEBUG:Grant U54TR000021-01 queried.
2020-01-21 09:14:40,023:DEBUG:Grant U54 TR000021-01 queried.
2020-01-21 09:14:40,172:DEBUG:Grant U541TR000021-01 queried.
2020-01-21 09:14:40,332:DEBUG:Grant U54 TR 000021-01 queried.
2020-01-21 09:14:40,496:DEBUG:Grant 1U54TR000021-01 queried.
2020-01-21 09:14:40,653:DEBUG:Grant 1U54 TR000021-01 queried.
2020-01-21 09:14:40,812:DEBUG:Grant 1U541TR000021-01 queried.
2020-01-21 09:14:40,970:DEBUG:Grant 1U54 TR 000021-01 queried.
2020-01-21 09:14:41,128:DEBUG:Grant 5U54TR000021-01 queried.
2020-01-21 09:14:41,271:DEBUG:Grant 5U54 TR000021-01 queried.
2020-01-21 09:14:41,432:DEBUG:Grant 5U541TR000021-01 queried.
2020-01-21 09:14:41,585:DEBUG:Grant 5U54 TR 000021-01 queried.
2020-01-21 09:14:41,733:DEBUG:Grant 9U54TR000021-01 queried.
2020-01-21 09:14:41,892:DEBUG:Grant 9U54 TR000021-01 queried.
2020-01-21 09:14:42,086:DEBUG:Grant 9U541TR000021-01 queried.
2020-01-21 09:14:42,243:DEBUG:Grant 9U54 TR 000021-01 queried.
2020-01-21 09:14:42,392:DEBUG:Grant 1TR002373 queried.
2020-01-21 09:14:42,548:INFO:Entrez ESearch returns 19 Ids for UL1TR002373
2020-01-21 09:14:42,549:DEBUG:Grant UL1TR002373 queried.
2020-01-21 09:14:42,702:INFO:Entrez ESearch returns 102 Ids for UL1 TR002373
2020-01-21 09:14:42,702:DEBUG:Grant UL1 TR002373 queried.
2020-01-21 09:14:42,862:DEBUG:Grant UL11TR002373 queried.
2020-01-21 09:14:43,035:DEBUG:Grant UL1 TR 002373 queried.
2020-01-21 09:14:43,192:DEBUG:Grant 1UL1TR002373 queried.
2020-01-21 09:14:43,342:DEBUG:Grant 1UL1 TR002373 queried.
2020-01-21 09:14:43,503:DEBUG:Grant 1UL11TR002373 queried.
2020-01-21 09:14:43,684:DEBUG:Grant 1UL1 TR 002373 queried.
2020-01-21 09:14:43,833:DEBUG:Grant 5UL1TR002373 queried.
2020-01-21 09:14:43,988:DEBUG:Grant 5UL1 TR002373 queried.
2020-01-21 09:14:44,143:DEBUG:Grant 5UL11TR002373 queried.
2020-01-21 09:14:44,293:DEBUG:Grant 5UL1 TR 002373 queried.
2020-01-21 09:14:44,453:DEBUG:Grant 9UL1TR002373 queried.
2020-01-21 09:14:44,603:DEBUG:Grant 9UL1 TR002373 queried.
2020-01-21 09:14:44,752:DEBUG:Grant 9UL11TR002373 queried.
2020-01-21 09:14:44,903:DEBUG:Grant 9UL1 TR 002373 queried.
2020-01-21 09:14:45,067:DEBUG:Grant 1TR002373-01 queried.
2020-01-21 09:14:45,230:DEBUG:Grant UL1TR002373-01 queried.
2020-01-21 09:14:45,393:DEBUG:Grant UL1 TR002373-01 queried.
2020-01-21 09:14:45,556:DEBUG:Grant UL11TR002373-01 queried.
2020-01-21 09:14:45,719:DEBUG:Grant UL1 TR 002373-01 queried.
2020-01-21 09:14:45,873:DEBUG:Grant 1UL1TR002373-01 queried.
2020-01-21 09:14:46,026:DEBUG:Grant 1UL1 TR002373-01 queried.
2020-01-21 09:14:46,172:DEBUG:Grant 1UL11TR002373-01 queried.
2020-01-21 09:14:46,326:DEBUG:Grant 1UL1 TR 002373-01 queried.
2020-01-21 09:14:46,481:DEBUG:Grant 5UL1TR002373-01 queried.
2020-01-21 09:14:46,636:DEBUG:Grant 5UL1 TR002373-01 queried.
2020-01-21 09:14:46,792:DEBUG:Grant 5UL11TR002373-01 queried.
2020-01-21 09:14:46,942:DEBUG:Grant 5UL1 TR 002373-01 queried.
2020-01-21 09:14:47,092:DEBUG:Grant 9UL1TR002373-01 queried.
2020-01-21 09:14:47,242:DEBUG:Grant 9UL1 TR002373-01 queried.
2020-01-21 09:14:47,393:DEBUG:Grant 9UL11TR002373-01 queried.
2020-01-21 09:14:47,543:DEBUG:Grant 9UL1 TR 002373-01 queried.
2020-01-21 09:14:47,705:DEBUG:Grant 1TR002374 queried.
2020-01-21 09:14:47,866:INFO:Entrez ESearch returns 3 Ids for KL2TR002374
2020-01-21 09:14:47,867:DEBUG:Grant KL2TR002374 queried.
2020-01-21 09:14:48,023:INFO:Entrez ESearch returns 13 Ids for KL2 TR002374
2020-01-21 09:14:48,023:DEBUG:Grant KL2 TR002374 queried.
2020-01-21 09:14:48,176:DEBUG:Grant KL21TR002374 queried.
2020-01-21 09:14:48,336:DEBUG:Grant KL2 TR 002374 queried.
2020-01-21 09:14:48,493:DEBUG:Grant 1KL2TR002374 queried.
2020-01-21 09:14:48,653:DEBUG:Grant 1KL2 TR002374 queried.
2020-01-21 09:14:48,803:DEBUG:Grant 1KL21TR002374 queried.
2020-01-21 09:14:48,953:DEBUG:Grant 1KL2 TR 002374 queried.
2020-01-21 09:14:49,102:DEBUG:Grant 5KL2TR002374 queried.
2020-01-21 09:14:49,255:DEBUG:Grant 5KL2 TR002374 queried.
2020-01-21 09:14:49,423:DEBUG:Grant 5KL21TR002374 queried.
2020-01-21 09:14:49,613:DEBUG:Grant 5KL2 TR 002374 queried.
2020-01-21 09:14:49,763:DEBUG:Grant 9KL2TR002374 queried.
2020-01-21 09:14:49,923:DEBUG:Grant 9KL2 TR002374 queried.
2020-01-21 09:14:50,073:DEBUG:Grant 9KL21TR002374 queried.
2020-01-21 09:14:50,223:DEBUG:Grant 9KL2 TR 002374 queried.
2020-01-21 09:14:50,376:DEBUG:Grant 1TR002374-01 queried.
2020-01-21 09:14:50,526:DEBUG:Grant KL2TR002374-01 queried.
2020-01-21 09:14:50,673:DEBUG:Grant KL2 TR002374-01 queried.
2020-01-21 09:14:50,833:DEBUG:Grant KL21TR002374-01 queried.
2020-01-21 09:14:50,993:DEBUG:Grant KL2 TR 002374-01 queried.
2020-01-21 09:14:51,137:DEBUG:Grant 1KL2TR002374-01 queried.
2020-01-21 09:14:51,296:DEBUG:Grant 1KL2 TR002374-01 queried.
2020-01-21 09:14:51,446:DEBUG:Grant 1KL21TR002374-01 queried.
2020-01-21 09:14:51,603:DEBUG:Grant 1KL2 TR 002374-01 queried.
2020-01-21 09:14:51,753:DEBUG:Grant 5KL2TR002374-01 queried.
2020-01-21 09:14:51,904:DEBUG:Grant 5KL2 TR002374-01 queried.
2020-01-21 09:14:52,063:DEBUG:Grant 5KL21TR002374-01 queried.
2020-01-21 09:14:52,233:DEBUG:Grant 5KL2 TR 002374-01 queried.
2020-01-21 09:14:52,387:DEBUG:Grant 9KL2TR002374-01 queried.
2020-01-21 09:14:52,533:DEBUG:Grant 9KL2 TR002374-01 queried.
2020-01-21 09:14:52,693:DEBUG:Grant 9KL21TR002374-01 queried.
2020-01-21 09:14:52,843:DEBUG:Grant 9KL2 TR 002374-01 queried.
2020-01-21 09:14:53,006:DEBUG:Grant 1TR002375 queried.
2020-01-21 09:14:53,160:INFO:Entrez ESearch returns 2 Ids for TL1TR002375
2020-01-21 09:14:53,161:DEBUG:Grant TL1TR002375 queried.
2020-01-21 09:14:53,314:INFO:Entrez ESearch returns 6 Ids for TL1 TR002375
2020-01-21 09:14:53,315:DEBUG:Grant TL1 TR002375 queried.
2020-01-21 09:14:53,463:INFO:Entrez ESearch returns 1 Ids for TL11TR002375
2020-01-21 09:14:53,463:DEBUG:Grant TL11TR002375 queried.
2020-01-21 09:14:53,613:DEBUG:Grant TL1 TR 002375 queried.
2020-01-21 09:14:53,783:DEBUG:Grant 1TL1TR002375 queried.
2020-01-21 09:14:53,937:DEBUG:Grant 1TL1 TR002375 queried.
2020-01-21 09:14:54,083:DEBUG:Grant 1TL11TR002375 queried.
2020-01-21 09:14:54,244:DEBUG:Grant 1TL1 TR 002375 queried.
2020-01-21 09:14:54,398:DEBUG:Grant 5TL1TR002375 queried.
2020-01-21 09:14:54,553:DEBUG:Grant 5TL1 TR002375 queried.
2020-01-21 09:14:54,703:DEBUG:Grant 5TL11TR002375 queried.
2020-01-21 09:14:54,856:DEBUG:Grant 5TL1 TR 002375 queried.
2020-01-21 09:14:55,006:DEBUG:Grant 9TL1TR002375 queried.
2020-01-21 09:14:55,163:DEBUG:Grant 9TL1 TR002375 queried.
2020-01-21 09:14:55,322:DEBUG:Grant 9TL11TR002375 queried.
2020-01-21 09:14:55,483:DEBUG:Grant 9TL1 TR 002375 queried.
2020-01-21 09:14:55,656:DEBUG:Grant 1TR002375-01 queried.
2020-01-21 09:14:55,820:DEBUG:Grant TL1TR002375-01 queried.
2020-01-21 09:14:55,983:DEBUG:Grant TL1 TR002375-01 queried.
2020-01-21 09:14:56,129:DEBUG:Grant TL11TR002375-01 queried.
2020-01-21 09:14:56,273:DEBUG:Grant TL1 TR 002375-01 queried.
2020-01-21 09:14:56,436:DEBUG:Grant 1TL1TR002375-01 queried.
2020-01-21 09:14:56,586:DEBUG:Grant 1TL1 TR002375-01 queried.
2020-01-21 09:14:56,732:DEBUG:Grant 1TL11TR002375-01 queried.
2020-01-21 09:14:56,889:DEBUG:Grant 1TL1 TR 002375-01 queried.
2020-01-21 09:14:57,032:DEBUG:Grant 5TL1TR002375-01 queried.
2020-01-21 09:14:57,183:DEBUG:Grant 5TL1 TR002375-01 queried.
2020-01-21 09:14:57,343:DEBUG:Grant 5TL11TR002375-01 queried.
2020-01-21 09:14:57,513:DEBUG:Grant 5TL1 TR 002375-01 queried.
2020-01-21 09:14:57,666:DEBUG:Grant 9TL1TR002375-01 queried.
2020-01-21 09:14:57,813:DEBUG:Grant 9TL1 TR002375-01 queried.
2020-01-21 09:14:57,976:DEBUG:Grant 9TL11TR002375-01 queried.
2020-01-21 09:14:58,133:DEBUG:Grant 9TL1 TR 002375-01 queried.
2020-01-21 09:14:58,133:INFO:All grant queries complete.
2020-01-21 09:14:58,143:DEBUG:Starting new HTTPS connection (1): redcap.ictr.wisc.edu
2020-01-21 09:14:58,293:DEBUG:https://redcap.ictr.wisc.edu:443 "POST /api/ HTTP/1.1" 200 2237
2020-01-21 09:14:58,307:DEBUG:Starting new HTTPS connection (1): redcap.ictr.wisc.edu
2020-01-21 09:14:58,445:DEBUG:https://redcap.ictr.wisc.edu:443 "POST /api/ HTTP/1.1" 200 25
2020-01-21 09:14:58,452:DEBUG:Starting new HTTPS connection (1): redcap.ictr.wisc.edu
2020-01-21 09:14:58,534:DEBUG:https://redcap.ictr.wisc.edu:443 "POST /api/ HTTP/1.1" 400 75
2020-01-21 09:14:58,543:DEBUG:Starting new HTTPS connection (1): redcap.ictr.wisc.edu
2020-01-21 09:14:58,634:DEBUG:https://redcap.ictr.wisc.edu:443 "POST /api/ HTTP/1.1" 400 74
2020-01-21 09:14:58,643:DEBUG:Starting new HTTPS connection (1): redcap.ictr.wisc.edu
2020-01-21 09:14:58,783:DEBUG:https://redcap.ictr.wisc.edu:443 "POST /api/ HTTP/1.1" 200 None
2020-01-21 09:14:58,796:DEBUG:Starting new HTTPS connection (1): redcap.ictr.wisc.edu
2020-01-21 09:14:59,063:DEBUG:https://redcap.ictr.wisc.edu:443 "POST /api/ HTTP/1.1" 200 32
2020-01-21 09:14:59,073:INFO:Going to Epost pmid list results
2020-01-21 09:14:59,266:INFO:Going to fetch record 1 to 500
2020-01-21 09:15:05,803:INFO:Going to fetch record 501 to 1000
2020-01-21 09:15:12,573:INFO:Going to fetch record 1001 to 1500
2020-01-21 09:15:19,543:INFO:Going to fetch record 1501 to 2000
2020-01-21 09:17:10,254:INFO:Starting pubmed queries...
2020-01-21 09:17:11,526:INFO:Entrez ESearch returns 23 Ids for 1RR025011
2020-01-21 09:17:11,526:DEBUG:Grant 1RR025011 queried.
2020-01-21 09:17:11,679:INFO:Entrez ESearch returns 78 Ids for UL1RR025011
2020-01-21 09:17:11,679:DEBUG:Grant UL1RR025011 queried.
2020-01-21 09:17:11,866:INFO:Entrez ESearch returns 1116 Ids for UL1 RR025011
2020-01-21 09:17:11,876:DEBUG:Grant UL1 RR025011 queried.
2020-01-21 09:17:12,031:DEBUG:Grant UL11RR025011 queried.
2020-01-21 09:17:12,178:DEBUG:Grant UL1 RR 025011 queried.
2020-01-21 09:17:12,336:INFO:Entrez ESearch returns 521 Ids for 1UL1RR025011
2020-01-21 09:17:12,346:DEBUG:Grant 1UL1RR025011 queried.
2020-01-21 09:17:12,496:INFO:Entrez ESearch returns 5 Ids for 1UL1 RR025011
2020-01-21 09:17:12,496:DEBUG:Grant 1UL1 RR025011 queried.
2020-01-21 09:17:12,656:DEBUG:Grant 1UL11RR025011 queried.
2020-01-21 09:17:12,806:INFO:Entrez ESearch returns 3 Ids for 1UL1 RR 025011
2020-01-21 09:17:12,806:DEBUG:Grant 1UL1 RR 025011 queried.
2020-01-21 09:17:12,970:INFO:Entrez ESearch returns 4 Ids for 5UL1RR025011
2020-01-21 09:17:12,970:DEBUG:Grant 5UL1RR025011 queried.
2020-01-21 09:17:13,126:DEBUG:Grant 5UL1 RR025011 queried.
2020-01-21 09:17:13,276:DEBUG:Grant 5UL11RR025011 queried.
2020-01-21 09:17:13,430:DEBUG:Grant 5UL1 RR 025011 queried.
2020-01-21 09:17:13,580:DEBUG:Grant 9UL1RR025011 queried.
2020-01-21 09:17:13,726:DEBUG:Grant 9UL1 RR025011 queried.
2020-01-21 09:17:13,886:DEBUG:Grant 9UL11RR025011 queried.
2020-01-21 09:17:14,036:DEBUG:Grant 9UL1 RR 025011 queried.
2020-01-21 09:17:14,190:DEBUG:Grant 1RR025011-01 queried.
2020-01-21 09:17:14,336:DEBUG:Grant UL1RR025011-01 queried.
2020-01-21 09:17:14,496:INFO:Entrez ESearch returns 163 Ids for UL1 RR025011-01
2020-01-21 09:17:14,496:DEBUG:Grant UL1 RR025011-01 queried.
2020-01-21 09:17:14,646:DEBUG:Grant UL11RR025011-01 queried.
2020-01-21 09:17:14,796:DEBUG:Grant UL1 RR 025011-01 queried.
2020-01-21 09:17:14,946:DEBUG:Grant 1UL1RR025011-01 queried.
2020-01-21 09:17:15,101:DEBUG:Grant 1UL1 RR025011-01 queried.
2020-01-21 09:17:15,250:DEBUG:Grant 1UL11RR025011-01 queried.
2020-01-21 09:17:15,399:DEBUG:Grant 1UL1 RR 025011-01 queried.
2020-01-21 09:17:15,556:DEBUG:Grant 5UL1RR025011-01 queried.
2020-01-21 09:17:15,706:DEBUG:Grant 5UL1 RR025011-01 queried.
2020-01-21 09:17:15,856:DEBUG:Grant 5UL11RR025011-01 queried.
2020-01-21 09:17:16,030:DEBUG:Grant 5UL1 RR 025011-01 queried.
2020-01-21 09:17:16,177:DEBUG:Grant 9UL1RR025011-01 queried.
2020-01-21 09:17:16,331:DEBUG:Grant 9UL1 RR025011-01 queried.
2020-01-21 09:17:16,480:DEBUG:Grant 9UL11RR025011-01 queried.
2020-01-21 09:17:16,636:DEBUG:Grant 9UL1 RR 025011-01 queried.
2020-01-21 09:17:16,787:DEBUG:Grant 1RR025012 queried.
2020-01-21 09:17:16,936:INFO:Entrez ESearch returns 2 Ids for KL2RR025012
2020-01-21 09:17:16,936:DEBUG:Grant KL2RR025012 queried.
2020-01-21 09:17:17,098:INFO:Entrez ESearch returns 156 Ids for KL2 RR025012
2020-01-21 09:17:17,098:DEBUG:Grant KL2 RR025012 queried.
2020-01-21 09:17:17,259:DEBUG:Grant KL21RR025012 queried.
2020-01-21 09:17:17,410:DEBUG:Grant KL2 RR 025012 queried.
2020-01-21 09:17:17,566:INFO:Entrez ESearch returns 47 Ids for 1KL2RR025012
2020-01-21 09:17:17,566:DEBUG:Grant 1KL2RR025012 queried.
2020-01-21 09:17:17,716:INFO:Entrez ESearch returns 1 Ids for 1KL2 RR025012
2020-01-21 09:17:17,726:DEBUG:Grant 1KL2 RR025012 queried.
2020-01-21 09:17:17,879:DEBUG:Grant 1KL21RR025012 queried.
2020-01-21 09:17:18,036:DEBUG:Grant 1KL2 RR 025012 queried.
2020-01-21 09:17:18,185:DEBUG:Grant 5KL2RR025012 queried.
2020-01-21 09:17:18,336:DEBUG:Grant 5KL2 RR025012 queried.
2020-01-21 09:17:18,486:DEBUG:Grant 5KL21RR025012 queried.
2020-01-21 09:17:18,636:DEBUG:Grant 5KL2 RR 025012 queried.
2020-01-21 09:17:18,786:DEBUG:Grant 9KL2RR025012 queried.
2020-01-21 09:17:18,948:DEBUG:Grant 9KL2 RR025012 queried.
2020-01-21 09:17:19,096:DEBUG:Grant 9KL21RR025012 queried.
2020-01-21 09:17:19,246:DEBUG:Grant 9KL2 RR 025012 queried.
2020-01-21 09:17:19,396:DEBUG:Grant 1RR025012-01 queried.
2020-01-21 09:17:19,556:INFO:Entrez ESearch returns 1 Ids for KL2RR025012-01
2020-01-21 09:17:19,556:DEBUG:Grant KL2RR025012-01 queried.
2020-01-21 09:17:19,720:INFO:Entrez ESearch returns 46 Ids for KL2 RR025012-01
2020-01-21 09:17:19,720:DEBUG:Grant KL2 RR025012-01 queried.
2020-01-21 09:17:19,888:DEBUG:Grant KL21RR025012-01 queried.
2020-01-21 09:17:20,046:DEBUG:Grant KL2 RR 025012-01 queried.
2020-01-21 09:17:20,209:INFO:Entrez ESearch returns 43 Ids for 1KL2RR025012-01
2020-01-21 09:17:20,209:DEBUG:Grant 1KL2RR025012-01 queried.
2020-01-21 09:17:20,366:INFO:Entrez ESearch returns 1 Ids for 1KL2 RR025012-01
2020-01-21 09:17:20,366:DEBUG:Grant 1KL2 RR025012-01 queried.
2020-01-21 09:17:20,516:DEBUG:Grant 1KL21RR025012-01 queried.
2020-01-21 09:17:20,670:INFO:Entrez ESearch returns 1 Ids for 1KL2 RR 025012-01
2020-01-21 09:17:20,670:DEBUG:Grant 1KL2 RR 025012-01 queried.
2020-01-21 09:17:20,819:DEBUG:Grant 5KL2RR025012-01 queried.
2020-01-21 09:17:20,976:DEBUG:Grant 5KL2 RR025012-01 queried.
2020-01-21 09:17:21,130:DEBUG:Grant 5KL21RR025012-01 queried.
2020-01-21 09:17:21,286:DEBUG:Grant 5KL2 RR 025012-01 queried.
2020-01-21 09:17:21,429:DEBUG:Grant 9KL2RR025012-01 queried.
2020-01-21 09:17:21,581:DEBUG:Grant 9KL2 RR025012-01 queried.
2020-01-21 09:17:21,726:DEBUG:Grant 9KL21RR025012-01 queried.
2020-01-21 09:17:21,886:DEBUG:Grant 9KL2 RR 025012-01 queried.
2020-01-21 09:17:22,036:DEBUG:Grant 1RR025013 queried.
2020-01-21 09:17:22,189:DEBUG:Grant TL1RR025013 queried.
2020-01-21 09:17:22,336:INFO:Entrez ESearch returns 30 Ids for TL1 RR025013
2020-01-21 09:17:22,336:DEBUG:Grant TL1 RR025013 queried.
2020-01-21 09:17:22,539:DEBUG:Grant TL11RR025013 queried.
2020-01-21 09:17:22,726:DEBUG:Grant TL1 RR 025013 queried.
2020-01-21 09:17:22,876:INFO:Entrez ESearch returns 2 Ids for 1TL1RR025013
2020-01-21 09:17:22,886:DEBUG:Grant 1TL1RR025013 queried.
2020-01-21 09:17:23,028:DEBUG:Grant 1TL1 RR025013 queried.
2020-01-21 09:17:23,181:DEBUG:Grant 1TL11RR025013 queried.
2020-01-21 09:17:23,336:DEBUG:Grant 1TL1 RR 025013 queried.
2020-01-21 09:17:23,486:DEBUG:Grant 5TL1RR025013 queried.
2020-01-21 09:17:23,636:DEBUG:Grant 5TL1 RR025013 queried.
2020-01-21 09:17:23,776:DEBUG:Grant 5TL11RR025013 queried.
2020-01-21 09:17:23,946:DEBUG:Grant 5TL1 RR 025013 queried.
2020-01-21 09:17:24,098:DEBUG:Grant 9TL1RR025013 queried.
2020-01-21 09:17:24,245:DEBUG:Grant 9TL1 RR025013 queried.
2020-01-21 09:17:24,386:DEBUG:Grant 9TL11RR025013 queried.
2020-01-21 09:17:24,536:DEBUG:Grant 9TL1 RR 025013 queried.
2020-01-21 09:17:24,696:DEBUG:Grant 1RR025013-01 queried.
2020-01-21 09:17:24,846:DEBUG:Grant TL1RR025013-01 queried.
2020-01-21 09:17:25,015:INFO:Entrez ESearch returns 9 Ids for TL1 RR025013-01
2020-01-21 09:17:25,015:DEBUG:Grant TL1 RR025013-01 queried.
2020-01-21 09:17:25,186:DEBUG:Grant TL11RR025013-01 queried.
2020-01-21 09:17:25,336:DEBUG:Grant TL1 RR 025013-01 queried.
2020-01-21 09:17:25,486:INFO:Entrez ESearch returns 2 Ids for 1TL1RR025013-01
2020-01-21 09:17:25,486:DEBUG:Grant 1TL1RR025013-01 queried.
2020-01-21 09:17:25,636:DEBUG:Grant 1TL1 RR025013-01 queried.
2020-01-21 09:17:25,796:DEBUG:Grant 1TL11RR025013-01 queried.
2020-01-21 09:17:25,936:DEBUG:Grant 1TL1 RR 025013-01 queried.
2020-01-21 09:17:26,090:DEBUG:Grant 5TL1RR025013-01 queried.
2020-01-21 09:17:26,240:DEBUG:Grant 5TL1 RR025013-01 queried.
2020-01-21 09:17:26,386:DEBUG:Grant 5TL11RR025013-01 queried.
2020-01-21 09:17:26,540:DEBUG:Grant 5TL1 RR 025013-01 queried.
2020-01-21 09:17:26,696:DEBUG:Grant 9TL1RR025013-01 queried.
2020-01-21 09:17:26,846:DEBUG:Grant 9TL1 RR025013-01 queried.
2020-01-21 09:17:26,996:DEBUG:Grant 9TL11RR025013-01 queried.
2020-01-21 09:17:27,149:DEBUG:Grant 9TL1 RR 025013-01 queried.
2020-01-21 09:17:27,306:DEBUG:Grant 1TR000427 queried.
2020-01-21 09:17:27,464:INFO:Entrez ESearch returns 313 Ids for UL1TR000427
2020-01-21 09:17:27,466:DEBUG:Grant UL1TR000427 queried.
2020-01-21 09:17:27,656:INFO:Entrez ESearch returns 1846 Ids for UL1 TR000427
2020-01-21 09:17:27,656:DEBUG:Grant UL1 TR000427 queried.
2020-01-21 09:17:27,816:DEBUG:Grant UL11TR000427 queried.
2020-01-21 09:17:27,966:DEBUG:Grant UL1 TR 000427 queried.
2020-01-21 09:17:28,109:DEBUG:Grant 1UL1TR000427 queried.
2020-01-21 09:17:28,256:DEBUG:Grant 1UL1 TR000427 queried.
2020-01-21 09:17:28,416:DEBUG:Grant 1UL11TR000427 queried.
2020-01-21 09:17:28,566:DEBUG:Grant 1UL1 TR 000427 queried.
2020-01-21 09:17:28,726:DEBUG:Grant 5UL1TR000427 queried.
2020-01-21 09:17:28,876:DEBUG:Grant 5UL1 TR000427 queried.
2020-01-21 09:17:29,036:DEBUG:Grant 5UL11TR000427 queried.
2020-01-21 09:17:29,186:DEBUG:Grant 5UL1 TR 000427 queried.
2020-01-21 09:17:29,341:DEBUG:Grant 9UL1TR000427 queried.
2020-01-21 09:17:29,493:DEBUG:Grant 9UL1 TR000427 queried.
2020-01-21 09:17:29,648:DEBUG:Grant 9UL11TR000427 queried.
2020-01-21 09:17:29,906:DEBUG:Grant 9UL1 TR 000427 queried.
2020-01-21 09:17:30,056:DEBUG:Grant 1TR000427-01 queried.
2020-01-21 09:17:30,206:DEBUG:Grant UL1TR000427-01 queried.
2020-01-21 09:17:30,356:DEBUG:Grant UL1 TR000427-01 queried.
2020-01-21 09:17:30,506:DEBUG:Grant UL11TR000427-01 queried.
2020-01-21 09:17:30,648:DEBUG:Grant UL1 TR 000427-01 queried.
2020-01-21 09:17:30,796:DEBUG:Grant 1UL1TR000427-01 queried.
2020-01-21 09:17:30,946:DEBUG:Grant 1UL1 TR000427-01 queried.
2020-01-21 09:17:31,104:DEBUG:Grant 1UL11TR000427-01 queried.
2020-01-21 09:17:31,246:DEBUG:Grant 1UL1 TR 000427-01 queried.
2020-01-21 09:17:31,406:DEBUG:Grant 5UL1TR000427-01 queried.
2020-01-21 09:17:31,556:DEBUG:Grant 5UL1 TR000427-01 queried.
2020-01-21 09:17:31,709:DEBUG:Grant 5UL11TR000427-01 queried.
2020-01-21 09:17:31,860:DEBUG:Grant 5UL1 TR 000427-01 queried.
2020-01-21 09:17:32,010:DEBUG:Grant 9UL1TR000427-01 queried.
2020-01-21 09:17:32,160:DEBUG:Grant 9UL1 TR000427-01 queried.
2020-01-21 09:17:32,309:DEBUG:Grant 9UL11TR000427-01 queried.
2020-01-21 09:17:32,456:DEBUG:Grant 9UL1 TR 000427-01 queried.
2020-01-21 09:17:32,606:DEBUG:Grant 1TR000429 queried.
2020-01-21 09:17:32,756:INFO:Entrez ESearch returns 8 Ids for TL1TR000429
2020-01-21 09:17:32,766:DEBUG:Grant TL1TR000429 queried.
2020-01-21 09:17:32,916:INFO:Entrez ESearch returns 83 Ids for TL1 TR000429
2020-01-21 09:17:32,916:DEBUG:Grant TL1 TR000429 queried.
2020-01-21 09:17:33,066:DEBUG:Grant TL11TR000429 queried.
2020-01-21 09:17:33,220:DEBUG:Grant TL1 TR 000429 queried.
2020-01-21 09:17:33,366:DEBUG:Grant 1TL1TR000429 queried.
2020-01-21 09:17:33,520:DEBUG:Grant 1TL1 TR000429 queried.
2020-01-21 09:17:33,845:DEBUG:Grant 1TL11TR000429 queried.
2020-01-21 09:17:33,986:DEBUG:Grant 1TL1 TR 000429 queried.
2020-01-21 09:17:34,156:DEBUG:Grant 5TL1TR000429 queried.
2020-01-21 09:17:34,309:DEBUG:Grant 5TL1 TR000429 queried.
2020-01-21 09:17:34,456:DEBUG:Grant 5TL11TR000429 queried.
2020-01-21 09:17:34,606:DEBUG:Grant 5TL1 TR 000429 queried.
2020-01-21 09:17:34,766:DEBUG:Grant 9TL1TR000429 queried.
2020-01-21 09:17:34,929:DEBUG:Grant 9TL1 TR000429 queried.
2020-01-21 09:17:35,086:DEBUG:Grant 9TL11TR000429 queried.
2020-01-21 09:17:35,269:DEBUG:Grant 9TL1 TR 000429 queried.
2020-01-21 09:17:35,416:DEBUG:Grant 1TR000429-01 queried.
2020-01-21 09:17:35,566:DEBUG:Grant TL1TR000429-01 queried.
2020-01-21 09:17:35,716:DEBUG:Grant TL1 TR000429-01 queried.
2020-01-21 09:17:35,876:DEBUG:Grant TL11TR000429-01 queried.
2020-01-21 09:17:36,026:DEBUG:Grant TL1 TR 000429-01 queried.
2020-01-21 09:17:36,176:DEBUG:Grant 1TL1TR000429-01 queried.
2020-01-21 09:17:36,327:DEBUG:Grant 1TL1 TR000429-01 queried.
2020-01-21 09:17:36,476:DEBUG:Grant 1TL11TR000429-01 queried.
2020-01-21 09:17:36,626:DEBUG:Grant 1TL1 TR 000429-01 queried.
2020-01-21 09:17:36,796:DEBUG:Grant 5TL1TR000429-01 queried.
2020-01-21 09:17:36,949:DEBUG:Grant 5TL1 TR000429-01 queried.
2020-01-21 09:17:37,096:DEBUG:Grant 5TL11TR000429-01 queried.
2020-01-21 09:17:37,246:DEBUG:Grant 5TL1 TR 000429-01 queried.
2020-01-21 09:17:37,389:DEBUG:Grant 9TL1TR000429-01 queried.
2020-01-21 09:17:37,536:DEBUG:Grant 9TL1 TR000429-01 queried.
2020-01-21 09:17:37,686:DEBUG:Grant 9TL11TR000429-01 queried.
2020-01-21 09:17:37,846:DEBUG:Grant 9TL1 TR 000429-01 queried.
2020-01-21 09:17:37,998:DEBUG:Grant 1TR000428 queried.
2020-01-21 09:17:38,159:INFO:Entrez ESearch returns 30 Ids for KL2TR000428
2020-01-21 09:17:38,159:DEBUG:Grant KL2TR000428 queried.
2020-01-21 09:17:38,322:INFO:Entrez ESearch returns 255 Ids for KL2 TR000428
2020-01-21 09:17:38,323:DEBUG:Grant KL2 TR000428 queried.
2020-01-21 09:17:38,465:DEBUG:Grant KL21TR000428 queried.
2020-01-21 09:17:38,616:DEBUG:Grant KL2 TR 000428 queried.
2020-01-21 09:17:38,765:DEBUG:Grant 1KL2TR000428 queried.
2020-01-21 09:17:38,906:DEBUG:Grant 1KL2 TR000428 queried.
2020-01-21 09:17:39,066:DEBUG:Grant 1KL21TR000428 queried.
2020-01-21 09:17:39,229:DEBUG:Grant 1KL2 TR 000428 queried.
2020-01-21 09:17:39,376:INFO:Entrez ESearch returns 1 Ids for 5KL2TR000428
2020-01-21 09:17:39,386:DEBUG:Grant 5KL2TR000428 queried.
2020-01-21 09:17:39,536:DEBUG:Grant 5KL2 TR000428 queried.
2020-01-21 09:17:39,690:DEBUG:Grant 5KL21TR000428 queried.
2020-01-21 09:17:39,836:DEBUG:Grant 5KL2 TR 000428 queried.
2020-01-21 09:17:39,999:DEBUG:Grant 9KL2TR000428 queried.
2020-01-21 09:17:40,146:DEBUG:Grant 9KL2 TR000428 queried.
2020-01-21 09:17:40,296:DEBUG:Grant 9KL21TR000428 queried.
2020-01-21 09:17:40,450:DEBUG:Grant 9KL2 TR 000428 queried.
2020-01-21 09:17:40,596:DEBUG:Grant 1TR000428-01 queried.
2020-01-21 09:17:40,746:DEBUG:Grant KL2TR000428-01 queried.
2020-01-21 09:17:40,896:DEBUG:Grant KL2 TR000428-01 queried.
2020-01-21 09:17:41,040:DEBUG:Grant KL21TR000428-01 queried.
2020-01-21 09:17:41,199:DEBUG:Grant KL2 TR 000428-01 queried.
2020-01-21 09:17:41,346:DEBUG:Grant 1KL2TR000428-01 queried.
2020-01-21 09:17:41,496:DEBUG:Grant 1KL2 TR000428-01 queried.
2020-01-21 09:17:41,646:DEBUG:Grant 1KL21TR000428-01 queried.
2020-01-21 09:17:41,796:DEBUG:Grant 1KL2 TR 000428-01 queried.
2020-01-21 09:17:41,946:DEBUG:Grant 5KL2TR000428-01 queried.
2020-01-21 09:17:42,105:DEBUG:Grant 5KL2 TR000428-01 queried.
2020-01-21 09:17:42,255:DEBUG:Grant 5KL21TR000428-01 queried.
2020-01-21 09:17:42,406:DEBUG:Grant 5KL2 TR 000428-01 queried.
2020-01-21 09:17:42,556:DEBUG:Grant 9KL2TR000428-01 queried.
2020-01-21 09:17:42,706:DEBUG:Grant 9KL2 TR000428-01 queried.
2020-01-21 09:17:42,856:DEBUG:Grant 9KL21TR000428-01 queried.
2020-01-21 09:17:43,016:DEBUG:Grant 9KL2 TR 000428-01 queried.
2020-01-21 09:17:43,159:DEBUG:Grant 1TR000021 queried.
2020-01-21 09:17:43,319:INFO:Entrez ESearch returns 5 Ids for U54TR000021
2020-01-21 09:17:43,320:DEBUG:Grant U54TR000021 queried.
2020-01-21 09:17:43,477:INFO:Entrez ESearch returns 1 Ids for U54 TR000021
2020-01-21 09:17:43,477:DEBUG:Grant U54 TR000021 queried.
2020-01-21 09:17:43,646:DEBUG:Grant U541TR000021 queried.
2020-01-21 09:17:43,786:DEBUG:Grant U54 TR 000021 queried.
2020-01-21 09:17:43,946:DEBUG:Grant 1U54TR000021 queried.
2020-01-21 09:17:44,106:DEBUG:Grant 1U54 TR000021 queried.
2020-01-21 09:17:44,256:DEBUG:Grant 1U541TR000021 queried.
2020-01-21 09:17:44,406:DEBUG:Grant 1U54 TR 000021 queried.
2020-01-21 09:17:44,546:DEBUG:Grant 5U54TR000021 queried.
2020-01-21 09:17:44,697:DEBUG:Grant 5U54 TR000021 queried.
2020-01-21 09:17:44,850:DEBUG:Grant 5U541TR000021 queried.
2020-01-21 09:17:45,017:DEBUG:Grant 5U54 TR 000021 queried.
2020-01-21 09:17:45,184:INFO:Entrez ESearch returns 147 Ids for 9U54TR000021
2020-01-21 09:17:45,184:DEBUG:Grant 9U54TR000021 queried.
2020-01-21 09:17:45,336:INFO:Entrez ESearch returns 1 Ids for 9U54 TR000021
2020-01-21 09:17:45,336:DEBUG:Grant 9U54 TR000021 queried.
2020-01-21 09:17:45,490:DEBUG:Grant 9U541TR000021 queried.
2020-01-21 09:17:45,646:DEBUG:Grant 9U54 TR 000021 queried.
2020-01-21 09:17:45,797:DEBUG:Grant 1TR000021-01 queried.
2020-01-21 09:17:45,948:DEBUG:Grant U54TR000021-01 queried.
2020-01-21 09:17:46,099:DEBUG:Grant U54 TR000021-01 queried.
2020-01-21 09:17:46,290:DEBUG:Grant U541TR000021-01 queried.
2020-01-21 09:17:46,439:DEBUG:Grant U54 TR 000021-01 queried.
2020-01-21 09:17:46,587:DEBUG:Grant 1U54TR000021-01 queried.
2020-01-21 09:17:46,736:DEBUG:Grant 1U54 TR000021-01 queried.
2020-01-21 09:17:46,887:DEBUG:Grant 1U541TR000021-01 queried.
2020-01-21 09:17:47,036:DEBUG:Grant 1U54 TR 000021-01 queried.
2020-01-21 09:17:47,188:DEBUG:Grant 5U54TR000021-01 queried.
2020-01-21 09:17:47,340:DEBUG:Grant 5U54 TR000021-01 queried.
2020-01-21 09:17:47,488:DEBUG:Grant 5U541TR000021-01 queried.
2020-01-21 09:17:47,639:DEBUG:Grant 5U54 TR 000021-01 queried.
2020-01-21 09:17:47,789:DEBUG:Grant 9U54TR000021-01 queried.
2020-01-21 09:17:47,939:DEBUG:Grant 9U54 TR000021-01 queried.
2020-01-21 09:17:48,099:DEBUG:Grant 9U541TR000021-01 queried.
2020-01-21 09:17:48,246:DEBUG:Grant 9U54 TR 000021-01 queried.
2020-01-21 09:17:48,400:DEBUG:Grant 1TR002373 queried.
2020-01-21 09:17:48,549:INFO:Entrez ESearch returns 19 Ids for UL1TR002373
2020-01-21 09:17:48,556:DEBUG:Grant UL1TR002373 queried.
2020-01-21 09:17:57,438:INFO:Entrez ESearch returns 102 Ids for UL1 TR002373
2020-01-21 09:17:57,446:DEBUG:Grant UL1 TR002373 queried.
2020-01-21 09:17:57,604:DEBUG:Grant UL11TR002373 queried.
2020-01-21 09:17:57,756:DEBUG:Grant UL1 TR 002373 queried.
2020-01-21 09:17:57,906:DEBUG:Grant 1UL1TR002373 queried.
2020-01-21 09:17:58,056:DEBUG:Grant 1UL1 TR002373 queried.
2020-01-21 09:17:58,206:DEBUG:Grant 1UL11TR002373 queried.
2020-01-21 09:17:58,356:DEBUG:Grant 1UL1 TR 002373 queried.
2020-01-21 09:17:58,509:DEBUG:Grant 5UL1TR002373 queried.
2020-01-21 09:17:58,664:DEBUG:Grant 5UL1 TR002373 queried.
2020-01-21 09:17:58,809:DEBUG:Grant 5UL11TR002373 queried.
2020-01-21 09:17:58,960:DEBUG:Grant 5UL1 TR 002373 queried.
2020-01-21 09:17:59,120:DEBUG:Grant 9UL1TR002373 queried.
2020-01-21 09:17:59,269:DEBUG:Grant 9UL1 TR002373 queried.
2020-01-21 09:17:59,420:DEBUG:Grant 9UL11TR002373 queried.
2020-01-21 09:17:59,570:DEBUG:Grant 9UL1 TR 002373 queried.
2020-01-21 09:17:59,728:DEBUG:Grant 1TR002373-01 queried.
2020-01-21 09:17:59,889:DEBUG:Grant UL1TR002373-01 queried.
2020-01-21 09:18:00,039:DEBUG:Grant UL1 TR002373-01 queried.
2020-01-21 09:18:00,190:DEBUG:Grant UL11TR002373-01 queried.
2020-01-21 09:18:00,336:DEBUG:Grant UL1 TR 002373-01 queried.
2020-01-21 09:18:00,490:DEBUG:Grant 1UL1TR002373-01 queried.
2020-01-21 09:18:00,639:DEBUG:Grant 1UL1 TR002373-01 queried.
2020-01-21 09:18:00,811:DEBUG:Grant 1UL11TR002373-01 queried.
2020-01-21 09:18:00,960:DEBUG:Grant 1UL1 TR 002373-01 queried.
2020-01-21 09:18:01,109:DEBUG:Grant 5UL1TR002373-01 queried.
2020-01-21 09:18:01,258:DEBUG:Grant 5UL1 TR002373-01 queried.
2020-01-21 09:18:01,420:DEBUG:Grant 5UL11TR002373-01 queried.
2020-01-21 09:18:01,569:DEBUG:Grant 5UL1 TR 002373-01 queried.
2020-01-21 09:18:01,719:DEBUG:Grant 9UL1TR002373-01 queried.
2020-01-21 09:18:01,876:DEBUG:Grant 9UL1 TR002373-01 queried.
2020-01-21 09:18:02,020:DEBUG:Grant 9UL11TR002373-01 queried.
2020-01-21 09:18:02,169:DEBUG:Grant 9UL1 TR 002373-01 queried.
2020-01-21 09:18:02,325:DEBUG:Grant 1TR002374 queried.
2020-01-21 09:18:02,479:INFO:Entrez ESearch returns 3 Ids for KL2TR002374
2020-01-21 09:18:02,479:DEBUG:Grant KL2TR002374 queried.
2020-01-21 09:18:02,649:INFO:Entrez ESearch returns 13 Ids for KL2 TR002374
2020-01-21 09:18:02,649:DEBUG:Grant KL2 TR002374 queried.
2020-01-21 09:18:02,800:DEBUG:Grant KL21TR002374 queried.
2020-01-21 09:18:02,949:DEBUG:Grant KL2 TR 002374 queried.
2020-01-21 09:18:03,103:DEBUG:Grant 1KL2TR002374 queried.
2020-01-21 09:18:03,256:DEBUG:Grant 1KL2 TR002374 queried.
2020-01-21 09:18:03,409:DEBUG:Grant 1KL21TR002374 queried.
2020-01-21 09:18:03,554:DEBUG:Grant 1KL2 TR 002374 queried.
2020-01-21 09:18:03,709:DEBUG:Grant 5KL2TR002374 queried.
2020-01-21 09:18:03,855:DEBUG:Grant 5KL2 TR002374 queried.
2020-01-21 09:18:04,006:DEBUG:Grant 5KL21TR002374 queried.
2020-01-21 09:18:04,155:DEBUG:Grant 5KL2 TR 002374 queried.
2020-01-21 09:18:04,300:DEBUG:Grant 9KL2TR002374 queried.
2020-01-21 09:18:04,455:DEBUG:Grant 9KL2 TR002374 queried.
2020-01-21 09:18:04,600:DEBUG:Grant 9KL21TR002374 queried.
2020-01-21 09:18:04,796:DEBUG:Grant 9KL2 TR 002374 queried.
2020-01-21 09:18:04,950:DEBUG:Grant 1TR002374-01 queried.
2020-01-21 09:18:05,100:DEBUG:Grant KL2TR002374-01 queried.
2020-01-21 09:18:05,249:DEBUG:Grant KL2 TR002374-01 queried.
2020-01-21 09:18:05,399:DEBUG:Grant KL21TR002374-01 queried.
2020-01-21 09:18:05,554:DEBUG:Grant KL2 TR 002374-01 queried.
2020-01-21 09:18:05,699:DEBUG:Grant 1KL2TR002374-01 queried.
2020-01-21 09:18:05,850:DEBUG:Grant 1KL2 TR002374-01 queried.
2020-01-21 09:18:06,006:DEBUG:Grant 1KL21TR002374-01 queried.
2020-01-21 09:18:06,158:DEBUG:Grant 1KL2 TR 002374-01 queried.
2020-01-21 09:18:06,309:DEBUG:Grant 5KL2TR002374-01 queried.
2020-01-21 09:18:06,459:DEBUG:Grant 5KL2 TR002374-01 queried.
2020-01-21 09:18:06,613:DEBUG:Grant 5KL21TR002374-01 queried.
2020-01-21 09:18:06,760:DEBUG:Grant 5KL2 TR 002374-01 queried.
2020-01-21 09:18:06,950:DEBUG:Grant 9KL2TR002374-01 queried.
2020-01-21 09:18:07,099:DEBUG:Grant 9KL2 TR002374-01 queried.
2020-01-21 09:18:07,249:DEBUG:Grant 9KL21TR002374-01 queried.
2020-01-21 09:18:07,396:DEBUG:Grant 9KL2 TR 002374-01 queried.
2020-01-21 09:18:07,549:DEBUG:Grant 1TR002375 queried.
2020-01-21 09:18:07,706:INFO:Entrez ESearch returns 2 Ids for TL1TR002375
2020-01-21 09:18:07,706:DEBUG:Grant TL1TR002375 queried.
2020-01-21 09:18:07,866:INFO:Entrez ESearch returns 6 Ids for TL1 TR002375
2020-01-21 09:18:07,866:DEBUG:Grant TL1 TR002375 queried.
2020-01-21 09:18:08,059:INFO:Entrez ESearch returns 1 Ids for TL11TR002375
2020-01-21 09:18:08,059:DEBUG:Grant TL11TR002375 queried.
2020-01-21 09:18:08,217:DEBUG:Grant TL1 TR 002375 queried.
2020-01-21 09:18:08,359:DEBUG:Grant 1TL1TR002375 queried.
2020-01-21 09:18:08,516:DEBUG:Grant 1TL1 TR002375 queried.
2020-01-21 09:18:08,666:DEBUG:Grant 1TL11TR002375 queried.
2020-01-21 09:18:08,816:DEBUG:Grant 1TL1 TR 002375 queried.
2020-01-21 09:18:08,959:DEBUG:Grant 5TL1TR002375 queried.
2020-01-21 09:18:09,116:DEBUG:Grant 5TL1 TR002375 queried.
2020-01-21 09:18:09,267:DEBUG:Grant 5TL11TR002375 queried.
2020-01-21 09:18:09,416:DEBUG:Grant 5TL1 TR 002375 queried.
2020-01-21 09:18:09,569:DEBUG:Grant 9TL1TR002375 queried.
2020-01-21 09:18:09,720:DEBUG:Grant 9TL1 TR002375 queried.
2020-01-21 09:18:09,910:DEBUG:Grant 9TL11TR002375 queried.
2020-01-21 09:18:10,059:DEBUG:Grant 9TL1 TR 002375 queried.
2020-01-21 09:18:10,210:DEBUG:Grant 1TR002375-01 queried.
2020-01-21 09:18:10,359:DEBUG:Grant TL1TR002375-01 queried.
2020-01-21 09:18:10,509:DEBUG:Grant TL1 TR002375-01 queried.
2020-01-21 09:18:10,660:DEBUG:Grant TL11TR002375-01 queried.
2020-01-21 09:18:10,810:DEBUG:Grant TL1 TR 002375-01 queried.
2020-01-21 09:18:10,970:DEBUG:Grant 1TL1TR002375-01 queried.
2020-01-21 09:18:11,119:DEBUG:Grant 1TL1 TR002375-01 queried.
2020-01-21 09:18:11,270:DEBUG:Grant 1TL11TR002375-01 queried.
2020-01-21 09:18:11,430:DEBUG:Grant 1TL1 TR 002375-01 queried.
2020-01-21 09:18:11,585:DEBUG:Grant 5TL1TR002375-01 queried.
2020-01-21 09:18:11,736:DEBUG:Grant 5TL1 TR002375-01 queried.
2020-01-21 09:18:11,878:DEBUG:Grant 5TL11TR002375-01 queried.
2020-01-21 09:18:12,036:DEBUG:Grant 5TL1 TR 002375-01 queried.
2020-01-21 09:18:12,189:DEBUG:Grant 9TL1TR002375-01 queried.
2020-01-21 09:18:12,340:DEBUG:Grant 9TL1 TR002375-01 queried.
2020-01-21 09:18:12,506:DEBUG:Grant 9TL11TR002375-01 queried.
2020-01-21 09:18:12,656:DEBUG:Grant 9TL1 TR 002375-01 queried.
2020-01-21 09:18:12,659:INFO:All grant queries complete.
2020-01-21 09:18:12,698:DEBUG:Starting new HTTPS connection (1): redcap.ictr.wisc.edu
2020-01-21 09:18:12,829:DEBUG:https://redcap.ictr.wisc.edu:443 "POST /api/ HTTP/1.1" 200 2237
2020-01-21 09:18:12,839:DEBUG:Starting new HTTPS connection (1): redcap.ictr.wisc.edu
2020-01-21 09:18:12,956:DEBUG:https://redcap.ictr.wisc.edu:443 "POST /api/ HTTP/1.1" 200 25
2020-01-21 09:18:12,960:DEBUG:Starting new HTTPS connection (1): redcap.ictr.wisc.edu
2020-01-21 09:18:13,046:DEBUG:https://redcap.ictr.wisc.edu:443 "POST /api/ HTTP/1.1" 400 75
2020-01-21 09:18:13,050:DEBUG:Starting new HTTPS connection (1): redcap.ictr.wisc.edu
2020-01-21 09:18:13,139:DEBUG:https://redcap.ictr.wisc.edu:443 "POST /api/ HTTP/1.1" 400 74
2020-01-21 09:18:13,139:DEBUG:Starting new HTTPS connection (1): redcap.ictr.wisc.edu
2020-01-21 09:18:13,266:DEBUG:https://redcap.ictr.wisc.edu:443 "POST /api/ HTTP/1.1" 200 None
2020-01-21 09:18:13,276:INFO:Going to Epost pmid list results
2020-01-21 09:18:13,466:INFO:Going to fetch record 1 to 500
2020-01-21 09:18:20,200:INFO:Going to fetch record 501 to 1000
2020-01-21 09:18:26,956:INFO:Going to fetch record 1001 to 1500
2020-01-21 09:18:34,171:INFO:Going to fetch record 1501 to 2000
2020-01-21 09:18:41,477:INFO:Going to fetch record 2001 to 2500
2020-01-21 09:18:48,546:INFO:Going to fetch record 2501 to 2670
2020-01-21 09:19:03,299:DEBUG:Starting new HTTPS connection (1): redcap.ictr.wisc.edu
2020-01-21 09:19:04,076:DEBUG:https://redcap.ictr.wisc.edu:443 "POST /api/ HTTP/1.1" 400 102
2020-01-21 09:28:24,086:DEBUG:Starting new HTTPS connection (1): redcap.ictr.wisc.edu
2020-01-21 09:28:28,196:DEBUG:https://redcap.ictr.wisc.edu:443 "POST /api/ HTTP/1.1" 200 35
